Removed Pin From Net: NetName=TXD Pin=A1-0
Removed Pin From Net: NetName=RXD Pin=A1-1
Removed Pin From Net: NetName=CH1 Pin=A1-5
Removed Pin From Net: NetName=CH2 Pin=A1-6
Removed Pin From Net: NetName=CH3 Pin=A1-7
Removed Pin From Net: NetName=CH4 Pin=A1-8
Removed Pin From Net: NetName=CH5 Pin=A1-9
Removed Pin From Net: NetName=CH6 Pin=A1-10
Removed Pin From Net: NetName=CE Pin=A1-11
Removed Pin From Net: NetName=CSN Pin=A1-12
Removed Pin From Net: NetName=MOSI Pin=A1-13
Removed Pin From Net: NetName=MISO Pin=A1-14
Removed Pin From Net: NetName=SCK Pin=A1-15
Removed Pin From Net: NetName=GND Pin=A1-28
Removed Pin From Net: NetName=+5V Pin=A1-29
Removed Member From Class: ClassName=6_Channels_RX_V1_Schematic Member=A1
Added Component: Designator=A?(Arduino nano)
Added Pin To Net: NetName=TXD Pin=A?-0
Added Pin To Net: NetName=RXD Pin=A?-1
Added Pin To Net: NetName=CH1 Pin=A?-5
Added Pin To Net: NetName=CH2 Pin=A?-6
Added Pin To Net: NetName=CH3 Pin=A?-7
Added Pin To Net: NetName=CH4 Pin=A?-8
Added Pin To Net: NetName=CH5 Pin=A?-9
Added Pin To Net: NetName=CH6 Pin=A?-10
Added Pin To Net: NetName=CE Pin=A?-11
Added Pin To Net: NetName=CSN Pin=A?-12
Added Pin To Net: NetName=MOSI Pin=A?-13
Added Pin To Net: NetName=MISO Pin=A?-14
Added Pin To Net: NetName=SCK Pin=A?-15
Added Pin To Net: NetName=GND Pin=A?-28
Added Pin To Net: NetName=+5V Pin=A?-29
Added Member To Class: ClassName=6_Channels_RX_V1_Schematic Member=Component A? Nano
Added Member To Class: ClassName=6_Channels_RX_V1_Schematic Member=Component C8 16V/ 220uF
Added Member To Class: ClassName=6_Channels_RX_V1_Schematic Member=Component C9 104
Added Room: Name=6_Channels_RX_V1_Schematic
